<?php return array (
  0 => 'Symfony\\Bundle\\FrameworkBundle\\EventListener\\SessionListener',
  1 => 'Symfony\\Component\\HttpFoundation\\Session\\Storage\\NativeSessionStorage',
  2 => 'Symfony\\Component\\HttpFoundation\\Session\\Storage\\PhpBridgeSessionStorage',
  3 => 'Symfony\\Component\\HttpFoundation\\Session\\Storage\\Handler\\NativeFileSessionHandler',
  4 => 'Symfony\\Component\\HttpFoundation\\Session\\Storage\\Proxy\\AbstractProxy',
  5 => 'Symfony\\Component\\HttpFoundation\\Session\\Storage\\Proxy\\SessionHandlerProxy',
  6 => 'Symfony\\Component\\HttpFoundation\\Session\\Session',
  8 => 'Symfony\\Bundle\\FrameworkBundle\\Templating\\GlobalVariables',
  9 => 'Symfony\\Bundle\\FrameworkBundle\\Templating\\TemplateReference',
  10 => 'Symfony\\Bundle\\FrameworkBundle\\Templating\\TemplateNameParser',
  11 => 'Symfony\\Bundle\\FrameworkBundle\\Templating\\Loader\\TemplateLocator',
  12 => 'Symfony\\Component\\Cache\\Adapter\\ApcuAdapter',
  13 => 'Symfony\\Component\\Cache\\Adapter\\FilesystemAdapter',
  14 => 'Symfony\\Component\\Cache\\CacheItem',
  15 => 'Symfony\\Component\\Routing\\Generator\\UrlGenerator',
  16 => 'Symfony\\Component\\Routing\\RequestContext',
  17 => 'Symfony\\Component\\Routing\\Router',
  18 => 'Symfony\\Bundle\\FrameworkBundle\\Routing\\RedirectableUrlMatcher',
  19 => 'Symfony\\Bundle\\FrameworkBundle\\Routing\\Router',
  20 => 'Symfony\\Component\\Cache\\Adapter\\PhpArrayAdapter',
  21 => 'Symfony\\Component\\Cache\\DoctrineProvider',
  22 => 'Symfony\\Component\\Config\\ConfigCache',
  23 => 'Symfony\\Component\\Config\\FileLocator',
  24 => 'Symfony\\Component\\Debug\\ErrorHandler',
  25 => 'Symfony\\Component\\DependencyInjection\\ContainerAwareInterface',
  26 => 'Symfony\\Component\\DependencyInjection\\Container',
  27 => 'Symfony\\Component\\EventDispatcher\\Event',
  28 => 'Symfony\\Component\\EventDispatcher\\ContainerAwareEventDispatcher',
  29 => 'Symfony\\Component\\HttpKernel\\EventListener\\ResponseListener',
  30 => 'Symfony\\Component\\HttpKernel\\EventListener\\RouterListener',
  31 => 'Symfony\\Component\\HttpKernel\\Bundle\\Bundle',
  32 => 'Symfony\\Component\\HttpKernel\\Controller\\ControllerResolver',
  33 => 'Symfony\\Component\\HttpKernel\\Controller\\ArgumentResolver',
  34 => 'Symfony\\Component\\HttpKernel\\ControllerMetadata\\ArgumentMetadata',
  35 => 'Symfony\\Component\\HttpKernel\\ControllerMetadata\\ArgumentMetadataFactory',
  36 => 'Symfony\\Component\\HttpKernel\\Event\\KernelEvent',
  37 => 'Symfony\\Component\\HttpKernel\\Event\\FilterControllerEvent',
  38 => 'Symfony\\Component\\HttpKernel\\Event\\FilterResponseEvent',
  39 => 'Symfony\\Component\\HttpKernel\\Event\\GetResponseEvent',
  40 => 'Symfony\\Component\\HttpKernel\\Event\\GetResponseForControllerResultEvent',
  41 => 'Symfony\\Component\\HttpKernel\\Event\\GetResponseForExceptionEvent',
  42 => 'Symfony\\Component\\HttpKernel\\HttpKernel',
  43 => 'Symfony\\Component\\HttpKernel\\KernelEvents',
  44 => 'Symfony\\Component\\HttpKernel\\Config\\FileLocator',
  45 => 'Symfony\\Bundle\\FrameworkBundle\\Controller\\ControllerNameParser',
  46 => 'Symfony\\Bundle\\FrameworkBundle\\Controller\\ControllerResolver',
  47 => 'Twig_Environment',
  48 => 'Twig_Extension',
  49 => 'Twig_Extension_Core',
  50 => 'Twig_Extension_Escaper',
  51 => 'Twig_Extension_Optimizer',
  52 => 'Twig_LoaderInterface',
  53 => 'Twig_Markup',
  54 => 'Twig_Template',
  55 => 'Monolog\\Formatter\\FormatterInterface',
  56 => 'Monolog\\Formatter\\LineFormatter',
  57 => 'Monolog\\Handler\\HandlerInterface',
  58 => 'Monolog\\Handler\\AbstractHandler',
  59 => 'Monolog\\Handler\\AbstractProcessingHandler',
  60 => 'Monolog\\Handler\\StreamHandler',
  61 => 'Monolog\\Handler\\FingersCrossedHandler',
  62 => 'Monolog\\Handler\\FilterHandler',
  63 => 'Monolog\\Handler\\TestHandler',
  64 => 'Monolog\\Logger',
  65 => 'Symfony\\Bridge\\Monolog\\Logger',
  66 => 'Monolog\\Handler\\FingersCrossed\\ActivationStrategyInterface',
  67 => 'Monolog\\Handler\\FingersCrossed\\ErrorLevelActivationStrategy',
  68 => 'Doctrine\\Common\\Annotations\\DocLexer',
  69 => 'Doctrine\\Common\\Annotations\\FileCacheReader',
  70 => 'Doctrine\\Common\\Annotations\\PhpParser',
  71 => 'Doctrine\\Common\\Annotations\\Reader',
  72 => 'Doctrine\\Common\\Lexer',
  73 => 'Doctrine\\Common\\Persistence\\ConnectionRegistry',
  74 => 'Doctrine\\Common\\Persistence\\Proxy',
  75 => 'Doctrine\\Common\\Util\\ClassUtils',
  76 => 'Doctrine\\Bundle\\DoctrineBundle\\Registry',
  77 => 'Sensio\\Bundle\\FrameworkExtraBundle\\EventListener\\ControllerListener',
  78 => 'Sensio\\Bundle\\FrameworkExtraBundle\\EventListener\\ParamConverterListener',
  79 => 'Sensio\\Bundle\\FrameworkExtraBundle\\Request\\ParamConverter\\DateTimeParamConverter',
  80 => 'Sensio\\Bundle\\FrameworkExtraBundle\\Request\\ParamConverter\\DoctrineParamConverter',
  81 => 'Sensio\\Bundle\\FrameworkExtraBundle\\Request\\ParamConverter\\ParamConverterInterface',
  82 => 'Sensio\\Bundle\\FrameworkExtraBundle\\Request\\ParamConverter\\ParamConverterManager',
  83 => 'Sensio\\Bundle\\FrameworkExtraBundle\\EventListener\\TemplateListener',
  84 => 'Sensio\\Bundle\\FrameworkExtraBundle\\EventListener\\HttpCacheListener',
  85 => 'Sensio\\Bundle\\FrameworkExtraBundle\\EventListener\\SecurityListener',
  86 => 'Sensio\\Bundle\\FrameworkExtraBundle\\Configuration\\ConfigurationAnnotation',
);